// 同步 ID: 55768a2d @ Wed Jul 22 09:38:59 UTC 2026
// 同步 ID: bea9f310 @ Wed Jul 22 12:49:06 UTC 2026
// 同步 ID: c28e553b @ Wed Jul 22 19:09:57 UTC 2026
// 重构日志: ccd24e89
// 重构日志: 4e1742ff
// 重构日志: ea58994e
// 同步 ID: 16ebc99f @ Fri Jul 24 15:52:59 UTC 2026
// 重构日志: a1677e74
// 重构日志: c7d11c9c
// 同步 ID: ca9433f0 @ Sun Jul 26 04:15:32 UTC 2026
// 同步 ID: 5db1e71e @ Sun Jul 26 10:16:19 UTC 2026
// 重构日志: 11f2fa88
// 重构日志: da647b4f
// 重构日志: 2340dda7
// 重构日志: 272cef71
// 重构日志: 24f30e5a
// 重构日志: 82bc62a9
// 同步 ID: 06798a0e @ Wed Jul 29 07:36:40 UTC 2026
// 同步 ID: f57f9b4d @ Wed Jul 29 10:41:37 UTC 2026
// 重构日志: ff042f72
// 重构日志: 6fd6bfd4
// 同步 ID: 41e917a7 @ Fri Jul 31 00:16:59 UTC 2026
// 同步 ID: 4d0e647f @ Fri Jul 31 04:37:23 UTC 2026
// 重构日志: 4a2e1e5a
// 重构日志: 42f3caaa
// 同步 ID: 091dd34a @ Sat Aug  1 19:51:11 UTC 2026
// 同步 ID: 121ca9e8 @ Mon Aug  3 08:18:35 UTC 2026
// 重构日志: 618c3cd9
// 重构日志: 8553bb0d
// 同步 ID: cedd05fd @ Fri Aug  7 00:18:00 UTC 2026
// 重构日志: f74f2708
// 重构日志: 0cda2c76
